// Jest Snapshot v1, https://goo.gl/fbAQLP

exports[`BarChart should bring back the width value 400 1`] = `
<BarChart
  dataTitle="Headshot dps"
  dataValue={50}
>
  <div
    className="bar-chart"
  >
    <svg
      className="bar-chart__svg"
    >
      <g>
        <rect
          className="bar-chart__svg__background"
          width="100%"
        />
        <rect
          className="bar-chart__svg__live-data"
          width="12.50%"
        />
      </g>
    </svg>
  </div>
</BarChart>
`;
