// Jest Snapshot v1, https://goo.gl/fbAQLP

exports[`<Header/> should match the snapshot 1`] = `"<div class=\\"logo\\">my logo</div><button class=\\"header__mobile-hamburger\\">Show/hide</button><ul class=\\"header header__close\\"><a aria-current=\\"page\\" class=\\"header__list-item header__list-item--selected\\" href=\\"/\\"><div class=\\"header__list-item__link\\">Home</div></a><a class=\\"header__list-item\\" href=\\"/legends\\"><div class=\\"header__list-item__link\\">Legends</div></a><a class=\\"header__list-item\\" href=\\"/weapons\\"><div class=\\"header__list-item__link\\">Weapons</div></a><a class=\\"header__list-item\\" href=\\"/items\\"><div class=\\"header__list-item__link\\">items</div></a></ul>"`;

exports[`<NewHeader/> should match the snapshot 1`] = `"<div class=\\"logo\\">my logo</div><button class=\\"header__mobile-hamburger\\">Show/hide</button><ul class=\\"header header__close\\"><a aria-current=\\"page\\" class=\\"header__list-item header__list-item--selected\\" href=\\"/\\"><div class=\\"header__list-item__link\\">Home</div></a><a class=\\"header__list-item\\" href=\\"/legends\\"><div class=\\"header__list-item__link\\">Legends</div></a><a class=\\"header__list-item\\" href=\\"/weapons\\"><div class=\\"header__list-item__link\\">Weapons</div></a><a class=\\"header__list-item\\" href=\\"/items\\"><div class=\\"header__list-item__link\\">items</div></a></ul>"`;
